
 Quartz v4.5.2  

Cleaned output directory `public` in 56ms
Found 27 input files from `content` in 28ms
Parsing input files using 1 threads
LaTeX-incompatible input and strict mode is set to 'warn': Unicode text character "м" used in math mode [unicodeTextInMathMode]
LaTeX-incompatible input and strict mode is set to 'warn': Unicode text character "е" used in math mode [unicodeTextInMathMode]
LaTeX-incompatible input and strict mode is set to 'warn': Unicode text character "с" used in math mode [unicodeTextInMathMode]
LaTeX-incompatible input and strict mode is set to 'warn': Unicode text character "я" used in math mode [unicodeTextInMathMode]
LaTeX-incompatible input and strict mode is set to 'warn': Unicode text character "ц" used in math mode [unicodeTextInMathMode]
LaTeX-incompatible input and strict mode is set to 'warn': Unicode text character "в" used in math mode [unicodeTextInMathMode]
LaTeX-incompatible input and strict mode is set to 'warn': Unicode text character "м" used in math mode [unicodeTextInMathMode]
LaTeX-incompatible input and strict mode is set to 'warn': Unicode text character "е" used in math mode [unicodeTextInMathMode]
LaTeX-incompatible input and strict mode is set to 'warn': Unicode text character "с" used in math mode [unicodeTextInMathMode]
LaTeX-incompatible input and strict mode is set to 'warn': Unicode text character "т" used in math mode [unicodeTextInMathMode]
LaTeX-incompatible input and strict mode is set to 'warn': Unicode text character "о" used in math mode [unicodeTextInMathMode]
LaTeX-incompatible input and strict mode is set to 'warn': Unicode text character "в" used in math mode [unicodeTextInMathMode]
LaTeX-incompatible input and strict mode is set to 'warn': Unicode text character "м" used in math mode [unicodeTextInMathMode]
LaTeX-incompatible input and strict mode is set to 'warn': Unicode text character "е" used in math mode [unicodeTextInMathMode]
LaTeX-incompatible input and strict mode is set to 'warn': Unicode text character "с" used in math mode [unicodeTextInMathMode]
LaTeX-incompatible input and strict mode is set to 'warn': Unicode text character "т" used in math mode [unicodeTextInMathMode]
LaTeX-incompatible input and strict mode is set to 'warn': Unicode text character "о" used in math mode [unicodeTextInMathMode]
LaTeX-incompatible input and strict mode is set to 'warn': Unicode text character "м" used in math mode [unicodeTextInMathMode]
LaTeX-incompatible input and strict mode is set to 'warn': Unicode text character "а" used in math mode [unicodeTextInMathMode]
LaTeX-incompatible input and strict mode is set to 'warn': Unicode text character "ш" used in math mode [unicodeTextInMathMode]
LaTeX-incompatible input and strict mode is set to 'warn': Unicode text character "и" used in math mode [unicodeTextInMathMode]
LaTeX-incompatible input and strict mode is set to 'warn': Unicode text character "н" used in math mode [unicodeTextInMathMode]
LaTeX-incompatible input and strict mode is set to 'warn': Unicode text character "ы" used in math mode [unicodeTextInMathMode]
LaTeX-incompatible input and strict mode is set to 'warn': Unicode text character "п" used in math mode [unicodeTextInMathMode]
LaTeX-incompatible input and strict mode is set to 'warn': Unicode text character "л" used in math mode [unicodeTextInMathMode]
LaTeX-incompatible input and strict mode is set to 'warn': Unicode text character "а" used in math mode [unicodeTextInMathMode]
LaTeX-incompatible input and strict mode is set to 'warn': Unicode text character "т" used in math mode [unicodeTextInMathMode]
LaTeX-incompatible input and strict mode is set to 'warn': Unicode text character "я" used in math mode [unicodeTextInMathMode]
LaTeX-incompatible input and strict mode is set to 'warn': Unicode text character "т" used in math mode [unicodeTextInMathMode]
LaTeX-incompatible input and strict mode is set to 'warn': Unicode text character "з" used in math mode [unicodeTextInMathMode]
LaTeX-incompatible input and strict mode is set to 'warn': Unicode text character "а" used in math mode [unicodeTextInMathMode]
LaTeX-incompatible input and strict mode is set to 'warn': Unicode text character "м" used in math mode [unicodeTextInMathMode]
LaTeX-incompatible input and strict mode is set to 'warn': Unicode text character "и" used in math mode [unicodeTextInMathMode]
LaTeX-incompatible input and strict mode is set to 'warn': Unicode text character "л" used in math mode [unicodeTextInMathMode]
LaTeX-incompatible input and strict mode is set to 'warn': Unicode text character "л" used in math mode [unicodeTextInMathMode]
LaTeX-incompatible input and strict mode is set to 'warn': Unicode text character "и" used in math mode [unicodeTextInMathMode]
LaTeX-incompatible input and strict mode is set to 'warn': Unicode text character "о" used in math mode [unicodeTextInMathMode]
LaTeX-incompatible input and strict mode is set to 'warn': Unicode text character "н" used in math mode [unicodeTextInMathMode]
LaTeX-incompatible input and strict mode is set to 'warn': Unicode text character "в" used in math mode [unicodeTextInMathMode]
LaTeX-incompatible input and strict mode is set to 'warn': Unicode text character "х" used in math mode [unicodeTextInMathMode]
LaTeX-incompatible input and strict mode is set to 'warn': Unicode text character "о" used in math mode [unicodeTextInMathMode]
LaTeX-incompatible input and strict mode is set to 'warn': Unicode text character "д" used in math mode [unicodeTextInMathMode]
LaTeX-incompatible input and strict mode is set to 'warn': Unicode text character "н" used in math mode [unicodeTextInMathMode]
LaTeX-incompatible input and strict mode is set to 'warn': Unicode text character "ы" used in math mode [unicodeTextInMathMode]
LaTeX-incompatible input and strict mode is set to 'warn': Unicode text character "х" used in math mode [unicodeTextInMathMode]
LaTeX-incompatible input and strict mode is set to 'warn': Unicode text character "т" used in math mode [unicodeTextInMathMode]
LaTeX-incompatible input and strict mode is set to 'warn': Unicode text character "о" used in math mode [unicodeTextInMathMode]
LaTeX-incompatible input and strict mode is set to 'warn': Unicode text character "к" used in math mode [unicodeTextInMathMode]
LaTeX-incompatible input and strict mode is set to 'warn': Unicode text character "е" used in math mode [unicodeTextInMathMode]
LaTeX-incompatible input and strict mode is set to 'warn': Unicode text character "н" used in math mode [unicodeTextInMathMode]
LaTeX-incompatible input and strict mode is set to 'warn': Unicode text character "о" used in math mode [unicodeTextInMathMode]
LaTeX-incompatible input and strict mode is set to 'warn': Unicode text character "в" used in math mode [unicodeTextInMathMode]
LaTeX-incompatible input and strict mode is set to 'warn': Unicode text character "и" used in math mode [unicodeTextInMathMode]
Parsed 27 Markdown files in 4s
Filtered out 0 files in 180μs
Emitting files
Emitted 192 files to `public` in 9s
Done processing 27 files in 12s
Started a Quartz server listening at http://localhost:8082
Error: listen EADDRINUSE: address already in use :::8082
    at Server.setupListenHandle [as _listen2] (node:net:1940:16)
    at listenInCluster (node:net:1997:12)
    at Server.listen (node:net:2102:7)
    at handleBuild (file:///home/somdev/Projects/Quartz/quartz/cli/handlers.js:456:12)
    at Object.handler (file:///home/somdev/Projects/Quartz/quartz/bootstrap-cli.mjs:36:5)
